
[1m[46m RUN [49m[22m [36mv3.2.4 [39m[90mC:/Users/v3gga/Documents/dev-vai/packages/core[39m

 [32mÔ£ô[39m __tests__/cognitive-test-harness.test.ts [2m([22m[2m21 tests[22m[2m)[22m[32m 15[2mms[22m[39m
 [32mÔ£ô[39m __tests__/speaking-dimensions.test.ts [2m([22m[2m17 tests[22m[2m)[22m[32m 21[2mms[22m[39m
 [32mÔ£ô[39m __tests__/session-service.test.ts [2m([22m[2m17 tests[22m[2m)[22m[32m 128[2mms[22m[39m

[2m Test Files [22m [1m[32m3 passed[39m[22m[90m (3)[39m
[2m      Tests [22m [1m[32m55 passed[39m[22m[90m (55)[39m
[2m   Start at [22m 12:26:48
[2m   Duration [22m 1.41s[2m (transform 249ms, setup 0ms, collect 876ms, tests 163ms, environment 1ms, prepare 822ms)[22m

